/Users/caseyleemurphy/Library/Mobile Documents/com~apple~CloudDocs/School/CS 3670/BattleZone/src/main/java/ServerToClientMessagePojo.java
/Users/caseyleemurphy/Library/Mobile Documents/com~apple~CloudDocs/School/CS 3670/BattleZone/src/main/java/BulletPojo.java
/Users/caseyleemurphy/Library/Mobile Documents/com~apple~CloudDocs/School/CS 3670/BattleZone/src/main/java/PlayerPojo.java
/Users/caseyleemurphy/Library/Mobile Documents/com~apple~CloudDocs/School/CS 3670/BattleZone/src/main/java/ServerMain.java
/Users/caseyleemurphy/Library/Mobile Documents/com~apple~CloudDocs/School/CS 3670/BattleZone/src/main/java/MapPojo.java
/Users/caseyleemurphy/Library/Mobile Documents/com~apple~CloudDocs/School/CS 3670/BattleZone/src/main/java/ObstaclePojo.java
/Users/caseyleemurphy/Library/Mobile Documents/com~apple~CloudDocs/School/CS 3670/BattleZone/src/main/java/ClientMain.java
/Users/caseyleemurphy/Library/Mobile Documents/com~apple~CloudDocs/School/CS 3670/BattleZone/src/main/java/ClientCommunicationHelper.java
/Users/caseyleemurphy/Library/Mobile Documents/com~apple~CloudDocs/School/CS 3670/BattleZone/src/main/java/GameScreen.java
/Users/caseyleemurphy/Library/Mobile Documents/com~apple~CloudDocs/School/CS 3670/BattleZone/src/main/java/AsynchServer.java
/Users/caseyleemurphy/Library/Mobile Documents/com~apple~CloudDocs/School/CS 3670/BattleZone/src/main/java/MovementCalculator.java
/Users/caseyleemurphy/Library/Mobile Documents/com~apple~CloudDocs/School/CS 3670/BattleZone/src/main/java/ServersClientHandler.java
/Users/caseyleemurphy/Library/Mobile Documents/com~apple~CloudDocs/School/CS 3670/BattleZone/src/main/java/ClientToServerMessagePojo.java
/Users/caseyleemurphy/Library/Mobile Documents/com~apple~CloudDocs/School/CS 3670/BattleZone/src/main/java/DimensionsPojo.java
